app/(main)/chat/[matchId]/page.tsx(209,59): error TS2339: Property 'id' does not exist on type '{}'.
